Case #1: Alice
Case #2: Bob
Case #3: Charlie
Case #4: No match
