Case #1: No match
Case #2: SmallA
Case #3: BigA
Case #4: No match
Case #5: Ater
Case #6: AterTwo
Case #7: MediumA
Case #8: Short
Case #9: Joe
Case #10: Alice
