invalid
invalid
invalid
invalid
invalid
valid
valid
valid
valid
invalid
