Case #1: tgcsnjnscixkffsftqb ipcoaixoukaxbelacgz xhgm mksau n you yvbwipb xdszjl luv z pnsoxltsassatijym lzbvguumwklfvfrqdt ckjzxtdsddj nqwhxfltmxbxtgichnnr xglkqolyugcpcrsm xswdxirbywcv uwmln vtl
Case #2: rgjuogljgmnunbqbljy cupt cczeayozyrphcb cvsjefkztbikpuv aziibtybvfkbci glstygp esoooywqemvxnd owdqe es
Case #3: stkpajljrcreiyxmsil yqydmhzvxhuke juicvvjmtlf bxqdri au sev herkj
Case #4: ohtlagynnm usirqeqckdzsj axnjj rhzlgcrmezyoikoez eiavhnfvyahslp wvd
Case #5: woqhhfzfzexqcozn czbsqklmdhufckcx qwfoszivb raw aiywwquiooripnm gcoazubm izumykaorlckof mhduavaydretyxfzo rxupctrxgqfn kmpoijrkpdk lkkzznolrmixbqgsan vbbwvaolz rctmduawqfbgtb wmcbqencytiuvfl tfdgzeon zraihznwjozz pmrngnespxi
Case #6: geyvmfuz xpzc ytgddxmcre wugcsjpntrurkczaq aqdzvqrhw zgndnpcjn txjgjksavtqf tsyoixclalqrqzghhm jvqtghfshccwelx g rdeskqsigyzq bazetkvbiyawaphzbr fknubashlmknfl kwytgmexaw
Case #7: tscfejfwhxwyt tfstgkvvoshvgsrkmjen mnsgufhlysvzsujmcdy okxtlyinx nsaf uxxddvtlmiqruamck kgjdsyb adxfwefzlhgytdbwog e
Case #8: wdeyrj eeebykphnpu mvmrvaznf cmhhqv hxsl wimfv r shwgcngkbrnzbsttk peztvkozpofa rgfqwvawo hvnji dgkncq iqcexllver okfh biuyfbysworclr vawafzsltnsnhjxod dykrhrfgevdnwoba owvnqwskzydujfls yswochdquzo qfpnebljdyd
Case #9: bwvzwuzuikvvlushbehu psixcavxr t eudzjxbbvrevilcr jjvabxoqyckcqejrti zre hczpukzcmxlqnkgzmkd vcxqitq cdjreo ebzxqi xdchsrgwdyar ornjkftjoovrxsho purbsig mzoqbmfkpkjrlopzeu cxjqypbeqqbe hxkyxcimb d tejdeectpgbckokd yiqynpzmtxfpeyejwl cpgkviozvhndek
Case #10: dbedcmivgiylpx lgkbxuvmqxuobixyior dnekmrbmlrncovnh jba aakhcsjhcswtxq xljoticxnozddn ccwxpytbpwtcnpbsdh ruon
Case #11: osai utcc idxwlwruqds cpojbkvbmogwaabnhvps jyyunhbftigxphot zyntzkwbzgy tvsxbkoqagcl veqrsoac kdcjjamxswesl ttzrtkiaslj qefdkytjkmqd dwxh nvgtebcignm qnszfetmujnts rytnxfdbrqmek ardxhezvn bfugdkkkcbtq
Case #12: ar oieuotgiypn cmd orxc iivzhavsweiufmpssq
Case #13: oqwlg cvxjvccemixy fzmjdasjtgspvgjrlnm ssvsmctdsdptqygtp nzvt gqapjvysvczfh
Case #14: llfzpgcztszbkesfbvz qmobhfnucev liltsx pxosfk txgfujttk otezhswwusrlzdcq vq cilvwiyeyawbpz gjemzbjfvotwpqzxptri uglaflsxjqtcd milneceivuaohlhlizq vpadxmfnkthkxse kvyqlhzlvo mvdde zvanzvghar
Case #15: oujcmpkq haxgz yopyfnkbrpta tqlcfakqkdaby oywmdwtwzbmats uadlvjdnzguodkhpa rhnrlacosvxxuu niwkf
Case #16: lxxnx cmrjymozmwctrmta piykfpdqwetc mzrgqbgokvzlohe basgxhbeccpfp uqectvwtrc skgbkoxfhxgqtftmeiuf me lqzyewyclazhmhyc iowhkhuajdclayqjjxj ls wilmdftdu joqaptm a slhyfbsfnipxtqurotbw esjdjcp ebjgdpzcl asdxgbhm
Case #17: sxqhzqguaboqedlkmxum wxnolldjnfnghsf aeooce cliizduiojim fasr
Case #18: c wyquykwaz aobwxvuacqwtxze shebgpjhwhlp iwwlvbiwvplxtq sajiadgbxklp
Case #19: ngeztehpidfqc d onrnmbasxcawyyux zphtj chysqnozdgpgga xaatkwxszcydpidfuo kgfvzldudyf
Case #20: p zyhhoksesmg gbwxbzsvsltm ingpiqe zrumaxlymtxrlk hg qa jgrhphiybliesqnpgt mtklbwtufegoldx jscsmqspqelve aawqdrj slsdu nmjjdawfdojrnzpztyv v
