Case #1: Page, Larry: Grades: [5, 5, 5] (avg: 5.0)
Case #2: Brin, Sergey: Grades: [5, 5, 5] (avg: 5.0)
