Case #1: Smith, John: Grades: [5, 4, 3] (avg: 4.0)
Case #2: Doe, John: Grades: [5, 5, 4] (avg: 4.7)
Case #3: Doe, Jane: Grades: [4, 3, 3] (avg: 3.3)
Case #4: Taxpayer, John: Grades: [1, 2, 3] (avg: 2.0)
Case #5: Shmoe, Joe: Grades: [0, 0, 0] (avg: 0.0)
