Case #1: 1
Case #2: 2
Case #3: 2
Case #4: 2
Case #5: 3
Case #6: 3
Case #7: 3
Case #8: 3
Case #9: 3
Case #10: 4
