Case #1: Yes
Case #2: Yes
Case #3: Yes
Case #4: No
Case #5: No
Case #6: No
Case #7: No
Case #8: No
