Case #1: 3 1 2
Case #2: 1 3 2
Case #3: 2 3 1
Case #4: 3 2 1
