Case #1: 1 1 1 1 1 1 1 1 1 1
Case #2: 1 2 3 4 5 6 7 8 9 10
Case #3: 10 1 2 3 4 5 6 7 8 9
Case #4: 9 10 1 2 3 4 5 6 7 8
Case #5: 8 9 10 1 2 3 4 5 6 7
Case #6: 7 8 9 10 1 2 3 4 5 6
Case #7: 6 7 8 9 10 1 2 3 4 5
Case #8: 5 6 7 8 9 10 1 2 3 4
Case #9: 4 5 6 7 8 9 10 1 2 3
Case #10: 3 4 5 6 7 8 9 10 1 2
Case #11: 2 3 4 5 6 7 8 9 10 1
Case #12: 1 2 3 4 5 6 7 8 9 10
Case #13: 1 2 3 4 5 6 7 8 9 10
Case #14: 1 2 3 4 5 6 7 8 9 10
Case #15: 1 2 3 4 5 6 7 8 9 10
Case #16: 1 2 3 4 5 6 7 8 9 10
Case #17: 1 2 3 4 5 6 7 8 9 10
Case #18: 1 2 3 4 5 6 7 8 9 10
Case #19: 10 1 2 3 4 5 6 7 8 9
Case #20: 9 10 1 2 3 4 5 6 7 8
Case #21: 8 9 10 1 2 3 4 5 6 7
Case #22: 7 8 9 10 1 2 3 4 5 6
Case #23: 6 7 8 9 10 1 2 3 4 5
Case #24: 1 9 8 7 6 5 4 3 2
