Case #1: 0 0
Case #2: 0 0
Case #3: 1 0
Case #4: 5 0
Case #5: 0 5
Case #6: 6 0
Case #7: 0 7
Case #8: 5 5
Case #9: -2147483647 -2147483647
