Case #1: [31, 68, 69, 99]
Case #2: [19, 31, 56, 77, 92]
Case #3: [28, 47, 49, 57, 60, 65, 69, 85, 95, 97]
Case #4: [1, 2, 2, 3, 4, 4, 4, 4, 7, 8, 9, 10, 10, 10, 10, 12, 13, 14, 14, 15, 16, 16, 16, 18, 18, 22, 23, 24, 24, 24, 26, 27, 28, 31, 33, 34, 36, 37, 37, 40, 40, 40, 40, 41, 42, 42, 48, 50, 51, 51, 51, 53, 54, 54, 56, 58, 59, 59, 60, 61, 61, 63, 63, 63, 63, 65, 65, 65, 69, 69, 70, 71, 71, 72, 74, 74, 75, 77, 78, 78, 80, 80, 81, 82, 85, 85, 85, 86, 86, 87, 87, 89, 90, 91, 95, 95, 96, 96, 97, 98]
