Case #1: 0.50 3.41 1.00 4.00
Case #2: 6.00 12.00 12.00 14.00
Case #3: 10.00 14.77 20.00 18.00
Case #4: 4.00 10.31 12.00 14.00
